#0 building with "default" instance using docker driver

#1 [internal] load build definition from Dockerfile
#1 transferring dockerfile: 1.46kB done
#1 DONE 0.0s

#2 [internal] load metadata for docker.io/oven/bun:1.4.0@sha256:5ff609364c049b54eb0ff560ec96319729a972078ef2c755d758f0c6ef89c2d6
#2 ...

#3 [internal] load metadata for docker.io/library/golang:1.26.8-alpine@sha256:8ac98ca534ac3f51e1f420a1dd2c15e74c75cfa0f23f3ad27eb5d7236c349a0c
#3 ERROR: failed to copy: httpReadSeeker: failed open: unexpected status from GET request to https://registry-1.docker.io/v2/library/golang/manifests/sha256:8ac98ca534ac3f51e1f420a1dd2c15e74c75cfa0f23f3ad27eb5d7236c349a0c: 429 Too Many Requests
toomanyrequests: You have reached your unauthenticated pull rate limit. https://www.docker.com/increase-rate-limit

#2 [internal] load metadata for docker.io/oven/bun:1.4.0@sha256:5ff609364c049b54eb0ff560ec96319729a972078ef2c755d758f0c6ef89c2d6
#2 CANCELED
------
 > [internal] load metadata for docker.io/library/golang:1.26.8-alpine@sha256:8ac98ca534ac3f51e1f420a1dd2c15e74c75cfa0f23f3ad27eb5d7236c349a0c:
------
Dockerfile:10
--------------------
   8 |     RUN DISABLE_ESLINT_PLUGIN='true' VITE_REACT_APP_VERSION=$(cat /build/VERSION) bun run build
   9 |     
  10 | >>> FROM golang:1.26.8-alpine@sha256:8ac98ca534ac3f51e1f420a1dd2c15e74c75cfa0f23f3ad27eb5d7236c349a0c AS builder2
  11 |     ENV GO111MODULE=on CGO_ENABLED=0 GOWORK=off
  12 |     
--------------------
ERROR: failed to build: failed to solve: golang:1.26.8-alpine@sha256:8ac98ca534ac3f51e1f420a1dd2c15e74c75cfa0f23f3ad27eb5d7236c349a0c: failed to resolve source metadata for docker.io/library/golang:1.26.8-alpine@sha256:8ac98ca534ac3f51e1f420a1dd2c15e74c75cfa0f23f3ad27eb5d7236c349a0c: failed to copy: httpReadSeeker: failed open: unexpected status from GET request to https://registry-1.docker.io/v2/library/golang/manifests/sha256:8ac98ca534ac3f51e1f420a1dd2c15e74c75cfa0f23f3ad27eb5d7236c349a0c: 429 Too Many Requests
toomanyrequests: You have reached your unauthenticated pull rate limit. https://www.docker.com/increase-rate-limit
