#0 building with "default" instance using docker driver

#1 [internal] load build definition from Dockerfile
#1 transferring dockerfile: 298B done
#1 DONE 0.0s

#2 [internal] load .dockerignore
#2 transferring context: 2B done
#2 DONE 0.0s

#3 [internal] load build context
#3 transferring context: 161.05MB 0.5s done
#3 DONE 0.5s

#4 [1/4] COPY --chmod=0755 baseline /new-api
#4 DONE 0.8s

#5 [2/4] COPY --chmod=0755 libc.so.6 /lib/x86_64-linux-gnu/libc.so.6
#5 DONE 1.0s

#6 [3/4] COPY --chmod=0755 ld-linux-x86-64.so.2 /lib64/ld-linux-x86-64.so.2
#6 DONE 0.6s

#7 [4/4] COPY --chmod=0755 zoneinfo /usr/share/zoneinfo
#7 DONE 0.8s

#8 exporting to image
#8 exporting layers
#8 exporting layers 0.6s done
#8 writing image sha256:e559a50060f703c9b35df6894f9d409b6962e367ef86a6d340d69d0d7a766f4f done
#8 naming to docker.io/library/newapi-directpay-rehearsal:baseline done
#8 DONE 0.6s
#0 building with "default" instance using docker driver

#1 [internal] load build definition from Dockerfile
#1 transferring dockerfile: 298B done
#1 DONE 0.0s

#2 [internal] load .dockerignore
#2 transferring context: 2B done
#2 DONE 0.0s

#3 [internal] load build context
#3 transferring context: 163.56MB 0.9s done
#3 DONE 0.9s

#4 [1/4] COPY --chmod=0755 compatible /new-api
#4 DONE 0.1s

#5 [2/4] COPY --chmod=0755 libc.so.6 /lib/x86_64-linux-gnu/libc.so.6
#5 DONE 0.5s

#6 [3/4] COPY --chmod=0755 ld-linux-x86-64.so.2 /lib64/ld-linux-x86-64.so.2
#6 DONE 1.0s

#7 [4/4] COPY --chmod=0755 zoneinfo /usr/share/zoneinfo
#7 DONE 0.7s

#8 exporting to image
#8 exporting layers
#8 exporting layers 0.5s done
#8 writing image sha256:63314c3c608224395985a2454ef390052d6e614d2b228a78dc36fcb37521c533 done
#8 naming to docker.io/library/newapi-directpay-rehearsal:compatible done
#8 DONE 0.6s
#0 building with "default" instance using docker driver

#1 [internal] load build definition from Dockerfile
#1 transferring dockerfile: 298B done
#1 DONE 0.0s

#2 [internal] load .dockerignore
#2 transferring context: 2B done
#2 DONE 0.0s

#3 [internal] load build context
#3 transferring context: 163.58MB 0.9s done
#3 DONE 0.9s

#4 [1/4] COPY --chmod=0755 current /new-api
#4 DONE 0.9s

#5 [2/4] COPY --chmod=0755 libc.so.6 /lib/x86_64-linux-gnu/libc.so.6
#5 DONE 0.6s

#6 [3/4] COPY --chmod=0755 ld-linux-x86-64.so.2 /lib64/ld-linux-x86-64.so.2
#6 DONE 0.5s

#7 [4/4] COPY --chmod=0755 zoneinfo /usr/share/zoneinfo
#7 DONE 0.5s

#8 exporting to image
#8 exporting layers
#8 exporting layers 0.5s done
#8 writing image sha256:080b84b6a8732c7545ca6937102ca056697c597530bf38463003117924b3058a
#8 writing image sha256:080b84b6a8732c7545ca6937102ca056697c597530bf38463003117924b3058a done
#8 naming to docker.io/library/newapi-directpay-rehearsal:current done
#8 DONE 0.5s
