#0 building with "default" instance using docker driver

#1 [internal] load build definition from Dockerfile
#1 transferring dockerfile: 298B done
#1 DONE 0.0s

#2 [internal] load .dockerignore
#2 transferring context: 2B done
#2 DONE 0.0s

#3 [internal] load build context
#3 transferring context: 163.58MB 0.4s done
#3 DONE 0.4s

#4 [1/4] COPY --chmod=0755 current /new-api
#4 DONE 0.0s

#5 [2/4] COPY --chmod=0755 libc.so.6 /lib/x86_64-linux-gnu/libc.so.6
#5 DONE 0.0s

#6 [3/4] COPY --chmod=0755 ld-linux-x86-64.so.2 /lib64/ld-linux-x86-64.so.2
#6 DONE 0.0s

#7 [4/4] COPY --chmod=0755 zoneinfo /usr/share/zoneinfo
#7 DONE 0.1s

#8 exporting to image
#8 exporting layers
#8 exporting layers 0.8s done
#8 writing image sha256:bd5f50d30d7169b592dcaee9acf02c070c1ffde2de9211cbc1aa1a0ba908a255 done
#8 naming to docker.io/library/newapi-directpay-rehearsal:current done
#8 DONE 0.8s
