=== RUN   TestWalletReserveCacheLossConfigurationMatrix
=== RUN   TestWalletReserveCacheLossConfigurationMatrix/database_only_batch_flag
    wallet_reserve_consistency_test.go:56: redis=false batch=true direct_credit=false second_admitted=false final_db=1000
=== RUN   TestWalletReserveCacheLossConfigurationMatrix/redis_synchronous
    wallet_reserve_consistency_test.go:56: redis=true batch=false direct_credit=false second_admitted=false final_db=1000
=== RUN   TestWalletReserveCacheLossConfigurationMatrix/redis_batch_unflushed
[SYS] 2026/10/02 - 18:04:41 | batch update started 
[SYS] 2026/10/02 - 18:04:41 | batch update finished 
    wallet_reserve_consistency_test.go:56: redis=true batch=true direct_credit=false second_admitted=true final_db=-3000
=== RUN   TestWalletReserveCacheLossConfigurationMatrix/redis_batch_with_direct_credit
[SYS] 2026/10/02 - 18:04:41 | batch update started 
[SYS] 2026/10/02 - 18:04:41 | batch update finished 
    wallet_reserve_consistency_test.go:56: redis=true batch=true direct_credit=true second_admitted=true final_db=-2000
--- PASS: TestWalletReserveCacheLossConfigurationMatrix (0.05s)
    --- PASS: TestWalletReserveCacheLossConfigurationMatrix/database_only_batch_flag (0.01s)
    --- PASS: TestWalletReserveCacheLossConfigurationMatrix/redis_synchronous (0.01s)
    --- PASS: TestWalletReserveCacheLossConfigurationMatrix/redis_batch_unflushed (0.01s)
    --- PASS: TestWalletReserveCacheLossConfigurationMatrix/redis_batch_with_direct_credit (0.01s)
=== RUN   TestWalletSynchronousReserveRejectsRecoveredStaleCache
[SYS] 2026/10/02 - 18:04:41 | user quota cache reserve unavailable, falling back to database: dial tcp 127.0.0.1:1: connect: connection refused 
    wallet_reserve_consistency_test.go:85: 
        	Error Trace:	/workspace/new-api/model/wallet_reserve_consistency_test.go:85
        	Error:      	Should be false
        	Test:       	TestWalletSynchronousReserveRejectsRecoveredStaleCache
        	Messages:   	stale cache must not authorize a second synchronous spend
    wallet_reserve_consistency_test.go:86: 
        	Error Trace:	/workspace/new-api/model/wallet_reserve_consistency_test.go:86
        	Error:      	Not equal: 
        	            	expected: 1000
        	            	actual  : -3000
        	Test:       	TestWalletSynchronousReserveRejectsRecoveredStaleCache
--- FAIL: TestWalletSynchronousReserveRejectsRecoveredStaleCache (0.01s)
FAIL
FAIL	github.com/QuantumNous/new-api/model	0.101s
FAIL
