=== RUN   TestDirectPayAccounting
--- PASS: TestDirectPayAccounting (0.56s)
=== RUN   TestDirectPayCacheRecovery
--- PASS: TestDirectPayCacheRecovery (0.18s)
=== RUN   TestDirectPayRedisFaultWindows
    directpay_test.go:238: requires isolated real Redis
--- SKIP: TestDirectPayRedisFaultWindows (0.00s)
=== RUN   TestDirectPayBatchLossReservationSafety
--- PASS: TestDirectPayBatchLossReservationSafety (0.18s)
=== RUN   TestDirectPayWalletCapacityBoundary
--- PASS: TestDirectPayWalletCapacityBoundary (0.22s)
=== RUN   TestWalletReserveCacheLossConfigurationMatrix
=== RUN   TestWalletReserveCacheLossConfigurationMatrix/database_only_batch_flag
    wallet_reserve_consistency_test.go:80: redis=false batch=true direct_credit=false second_admitted=false final_db=1000
=== RUN   TestWalletReserveCacheLossConfigurationMatrix/redis_synchronous
    wallet_reserve_consistency_test.go:80: redis=true batch=false direct_credit=false second_admitted=false final_db=1000
=== RUN   TestWalletReserveCacheLossConfigurationMatrix/redis_batch_unflushed
    wallet_reserve_consistency_test.go:80: redis=true batch=true direct_credit=false second_admitted=false final_db=1000
=== RUN   TestWalletReserveCacheLossConfigurationMatrix/redis_batch_with_direct_credit
    wallet_reserve_consistency_test.go:80: redis=true batch=true direct_credit=true second_admitted=false final_db=2000
--- PASS: TestWalletReserveCacheLossConfigurationMatrix (0.80s)
    --- PASS: TestWalletReserveCacheLossConfigurationMatrix/database_only_batch_flag (0.20s)
    --- PASS: TestWalletReserveCacheLossConfigurationMatrix/redis_synchronous (0.19s)
    --- PASS: TestWalletReserveCacheLossConfigurationMatrix/redis_batch_unflushed (0.20s)
    --- PASS: TestWalletReserveCacheLossConfigurationMatrix/redis_batch_with_direct_credit (0.22s)
=== RUN   TestWalletSynchronousReserveRejectsRecoveredStaleCache
[SYS] 2026/10/03 - 13:50:21 | user quota cache reserve unavailable, falling back to database: dial tcp 127.0.0.1:1: connect: connection refused 
--- PASS: TestWalletSynchronousReserveRejectsRecoveredStaleCache (0.22s)
=== RUN   TestWalletSynchronousReserveTwoProcesses
--- PASS: TestWalletSynchronousReserveTwoProcesses (0.24s)
=== RUN   TestWalletSynchronousSettlementAndFailure
--- PASS: TestWalletSynchronousSettlementAndFailure (0.21s)
PASS
ok  	github.com/QuantumNous/new-api/model	2.645s
