=== RUN   TestReserveFallsBackToDatabaseWhenRedisIsUnavailable
[SYS] 2026/10/02 - 18:06:04 | user quota cache reserve unavailable, falling back to database: dial tcp 127.0.0.1:45937: connect: connection refused 
[SYS] 2026/10/02 - 18:06:04 | user quota cache reserve unavailable, falling back to database: dial tcp 127.0.0.1:45937: connect: connection refused 
--- PASS: TestReserveFallsBackToDatabaseWhenRedisIsUnavailable (0.15s)
=== RUN   TestSynchronousReserveCompensatesCacheWhenPersistenceFails
--- PASS: TestSynchronousReserveCompensatesCacheWhenPersistenceFails (0.01s)
=== RUN   TestWalletReserveCacheLossConfigurationMatrix
=== RUN   TestWalletReserveCacheLossConfigurationMatrix/database_only_batch_flag
    wallet_reserve_consistency_test.go:59: redis=false batch=true direct_credit=false second_admitted=false final_db=1000
=== RUN   TestWalletReserveCacheLossConfigurationMatrix/redis_synchronous
    wallet_reserve_consistency_test.go:59: redis=true batch=false direct_credit=false second_admitted=false final_db=1000
=== RUN   TestWalletReserveCacheLossConfigurationMatrix/redis_batch_unflushed
[SYS] 2026/10/02 - 18:06:04 | batch update started 
[SYS] 2026/10/02 - 18:06:04 | batch update finished 
    wallet_reserve_consistency_test.go:59: redis=true batch=true direct_credit=false second_admitted=true final_db=-3000
=== RUN   TestWalletReserveCacheLossConfigurationMatrix/redis_batch_with_direct_credit
[SYS] 2026/10/02 - 18:06:04 | batch update started 
[SYS] 2026/10/02 - 18:06:04 | batch update finished 
    wallet_reserve_consistency_test.go:59: redis=true batch=true direct_credit=true second_admitted=true final_db=-2000
--- PASS: TestWalletReserveCacheLossConfigurationMatrix (0.06s)
    --- PASS: TestWalletReserveCacheLossConfigurationMatrix/database_only_batch_flag (0.01s)
    --- PASS: TestWalletReserveCacheLossConfigurationMatrix/redis_synchronous (0.01s)
    --- PASS: TestWalletReserveCacheLossConfigurationMatrix/redis_batch_unflushed (0.01s)
    --- PASS: TestWalletReserveCacheLossConfigurationMatrix/redis_batch_with_direct_credit (0.02s)
=== RUN   TestWalletSynchronousReserveRejectsRecoveredStaleCache
[SYS] 2026/10/02 - 18:06:04 | user quota cache reserve unavailable, falling back to database: dial tcp 127.0.0.1:1: connect: connection refused 
--- PASS: TestWalletSynchronousReserveRejectsRecoveredStaleCache (0.01s)
=== RUN   TestWalletSynchronousReserveTwoProcesses
--- PASS: TestWalletSynchronousReserveTwoProcesses (0.06s)
PASS
ok  	github.com/QuantumNous/new-api/model	0.322s
